// Jest Snapshot v1, https://goo.gl/fbAQLP

exports[`renders the app correctly 1`] = `
<div
  className="body"
>
  <section
    className="wrapper"
  >
    <div
      className="row"
    >
      <img
        alt="Marwan Johnstone"
        className="avatar"
        rel="preload"
        src="me.png"
      />
      <h2
        className="title"
      >
        Marwan Johnstone
      </h2>
      <div
        className="iconPadding"
      >
        <a
          href="https://www.linkedin.com/in/mjohnstone14/"
        >
          <img
            alt="linkedin"
            className="icon"
            src="linkedin-tile.svg"
          />
        </a>
        <a
          href="https://github.com/mjohnstone14"
        >
          <img
            alt="github"
            className="icon"
            src="github.svg"
          />
        </a>
      </div>
      <div
        className="educationBody"
      >
        <h2
          className="edTitle"
        >
          Education
        </h2>
        <div>
          <a
            href="https://www.pugetsound.edu/"
          >
            <h3
              className="edDescriptionLabel"
            >
              University of Puget Sound
            </h3>
          </a>
          <li
            className="edDescription"
          >
            August 2015 - May 2019
          </li>
          <li
            className="edDescription"
          >
            Bachelor of Science - Computer Science
          </li>
        </div>
        <div>
          <a
            href="https://disabroad.org/copenhagen/"
          >
            <h3
              className="edDescriptionLabel"
            >
              DIS Denmark, Copenhagen
            </h3>
          </a>
          <li
            className="edDescription"
          >
            August 2017 - May 2018
          </li>
          <li
            className="edDescription"
          >
            Study Abroad Program
          </li>
        </div>
      </div>
      <div
        className="experience"
      >
        <div>
          <div
            className="Card"
          >
            <div
              className="CardHeader"
              onClick={[Function]}
            >
              <h4>
                Nordstrom, Seattle WA (Software Engineer, Full-time)
                <br />
                <span
                  className="tabDate"
                >
                  August 2019 - Present
                </span>
              </h4>
              <img
                alt="up"
                src="up.svg"
              />
            </div>
            <div
              className="CardBody"
            >
              <li>
                Developed and continuously deployed an internal applications tool designed to process and inspect product returns in Nordstrom stores, inventory facilities, and fulfillment centers that would save ~$14.5M projected expenses for the company in 2020.
              </li>
              <li>
                Developed front-end facing applications designed to work on a company-wide scale using React Hooks, Sass, and Java Spring API
              </li>
              <li>
                Maintained a Java Spring API running on Kubernetes, added and exposed endpoints that filtered and managed data from DynamoDB and other calls to company services.
              </li>
              <li>
                Reviewed project user interface code, incorporated automated testing with Jest, logging, and refactored and reimplemented parts of the React UI.
              </li>
              <li>
                Utilized Sass along with React Hooks to design interactive UIs, used Zeplin overlay to review and match the UI to company requirements
              </li>
              <li>
                Created, managed, and resolved issues in GitLab and Jira boards to track progress with the team, as well as communicate goals with product and project management.
              </li>
            </div>
          </div>
          <div
            className="Card"
          >
            <div
              className="CardHeader"
              onClick={[Function]}
            >
              <h4>
                Nordstrom, Seattle WA (Full Stack Intern)
                <br />
                <span
                  className="tabDate"
                >
                  May 2019 - August 2019
                </span>
              </h4>
              <img
                alt="down"
                src="down.svg"
              />
            </div>
          </div>
          <div
            className="Card"
          >
            <div
              className="CardHeader"
              onClick={[Function]}
            >
              <h4>
                Nordstrom, Seattle WA (Software Engineer Intern)
                <br />
                <span
                  className="tabDate"
                >
                  May 2018 - August 2018
                </span>
              </h4>
              <img
                alt="down"
                src="down.svg"
              />
            </div>
          </div>
          <div
            className="Card"
          >
            <div
              className="CardHeader"
              onClick={[Function]}
            >
              <h4>
                Studenterhuset, Copenhagen, Denmark (Bar Volunteer)
                <br />
                <span
                  className="tabDate"
                >
                  August 2017 - May 2018
                </span>
              </h4>
              <img
                alt="down"
                src="down.svg"
              />
            </div>
          </div>
          <div
            className="Card"
          >
            <div
              className="CardHeader"
              onClick={[Function]}
            >
              <h4>
                University of Puget Sound (Accommodations and Disability Tech Specialist)
                <br />
                <span
                  className="tabDate"
                >
                  August 2015 - May 2017
                </span>
              </h4>
              <img
                alt="down"
                src="down.svg"
              />
            </div>
          </div>
        </div>
      </div>
      <div
        className="projectBody"
      >
        <h2
          className="projectTitle"
        >
          Projects
        </h2>
        <div
          className="projectList"
        >
          <li>
            <a
              href="https://github.com/nick-bigger/MoG-Kiosk"
            >
              Tacoma Museum of Glass Android Kiosk Application
            </a>
          </li>
          <li>
            <a
              href="https://mjohnstone.itch.io/red-blood-cell-shooter"
            >
              Blood Cell Shooter - Unity Video Game Project
            </a>
          </li>
          <li>
            <a
              href="https://mjohnstone.itch.io/mr-bluesky"
            >
              Mr Blue Sky - 2D Unity Game Project
            </a>
          </li>
        </div>
      </div>
      <div
        className="skillsBody"
      >
        <h2
          className="skillsTitle"
        >
          Skills
        </h2>
        <div
          className="skillsSubtitle"
        >
          <h3>
            Languages
          </h3>
          <div
            className="skillsList"
          >
            <li>
              English - Native
            </li>
            <li>
              Arabic - Native
            </li>
            <li>
              Danish - Beginner
            </li>
          </div>
          <h3>
            Frameworks and Tools
          </h3>
          <div
            className="skillsList"
          >
            <li>
              AWS
            </li>
            <li>
              GitLab, GitHub
            </li>
            <li>
              Swagger UI
            </li>
            <li>
              SpringBoot
            </li>
            <li>
              Jest
            </li>
            <li>
              Kubernetes
            </li>
            <li>
              Maven/Gradle
            </li>
            <li>
              Kafka Streams
            </li>
            <li>
              Unity
            </li>
            <li>
              Docker
            </li>
          </div>
          <h3>
            Programming Languages
          </h3>
          <div
            className="skillsList"
          >
            <li>
              JavaScript
            </li>
            <li>
              React
            </li>
            <li>
              Angular
            </li>
            <li>
              Node.js
            </li>
            <li>
              Java
            </li>
            <li>
              Python
            </li>
            <li>
              C#
            </li>
            <li>
              Sass
            </li>
            <li>
              SQL
            </li>
          </div>
        </div>
      </div>
    </div>
  </section>
</div>
`;
